{
  "total_entries": 1,
  "total_pages": 1,
  "page": 1,
  "data": {
    "city": "Burlington",
    "country": "USA",
    "id": 467,
    "latitude": 44.476911,
    "location": "Burlington, VT",
    "longitude": -73.211653,
    "name": "Nectar's",
    "other_names": [],
    "show_dates": [
      "1984-12-01",
      "1987-03-23",
      "1987-04-29",
      "1987-05-11",
      "1987-08-09",
      "1987-08-10",
      "1987-09-21",
      "1988-02-07",
      "1988-02-08",
      "1988-03-12",
      "1988-03-21",
      "1988-03-22",
      "1988-05-21",
      "1988-05-23",
      "1988-05-24",
      "1988-06-19",
      "1988-06-20",
      "1988-06-21",
      "1988-07-24",
      "1988-07-25",
      "1989-03-12",
      "1989-03-14"
    ],
    "show_ids": [
      2,
      16,
      18,
      1907,
      21,
      22,
      26,
      370,
      371,
      375,
      1398,
      376,
      386,
      380,
      409,
      382,
      383,
      384,
      390,
      391,
      531,
      532
    ],
    "shows_count": 22,
    "slug": "nectar-s",
    "state": "VT",
    "updated_at": "2013-02-23T22:45:30Z"
  }
}
