ID:  Date:       Venue:         Location:    Duration:  Soundboard:  Remastered:
696  1990-04-05  J.J. McCabe's  Boulder, CO  2h 27m     yes          no

Show Tags:
SBD

Set 1
Possum                   6m 48s
Ya Mar                   7m 7s
David Bowie              11m 23s
Carolina                 2m 1s
The Oh Kee Pa Ceremony   1m 45s
Suzy Greenberg           5m 19s
You Enjoy Myself         12m 40s
The Lizards              10m 12s
Fire                     4m 20s

Set 2
Reba                     11m 39s
Uncle Pen                5m 14s
Jesus Just Left Chicago  8m 10s
AC/DC Bag                6m 23s
Donna Lee                3m 24s
Tweezer                  10m 0s
Fee                      5m 14s
Cavern                   4m 59s
Mike's Song              6m 23s
I Am Hydrogen            2m 19s
Weekapaug Groove         7m 35s
If I Only Had a Brain    3m 10s
Contact                  6m 21s

Encore
Golgi Apparatus          4m 41s

Track Info:
Possum
https://phish.in/audio/000/014/073/14073.mp3
SBD

Ya Mar
https://phish.in/audio/000/014/074/14074.mp3
SBD, Tease: Theme from Bonanza by Ray Evans and Jay Livingston

David Bowie
https://phish.in/audio/000/014/075/14075.mp3
SBD, Tease: Theme from Bonanza by Ray Evans and Jay Livingston, Tease: Wipe Out by The Surfaris

Carolina
https://phish.in/audio/000/014/076/14076.mp3
SBD, A Cappella

The Oh Kee Pa Ceremony
https://phish.in/audio/000/014/077/14077.mp3
SBD

Suzy Greenberg
https://phish.in/audio/000/014/078/14078.mp3
SBD

You Enjoy Myself
https://phish.in/audio/000/014/079/14079.mp3
SBD, Tease: Flash Light by Parliament

The Lizards
https://phish.in/audio/000/014/080/14080.mp3
SBD

Fire
https://phish.in/audio/000/014/081/14081.mp3
SBD

Reba
https://phish.in/audio/000/014/082/14082.mp3
SBD

Uncle Pen
https://phish.in/audio/000/014/083/14083.mp3
SBD

Jesus Just Left Chicago
https://phish.in/audio/000/014/084/14084.mp3
SBD, Guest: Dan Mosebee on harmonica

AC/DC Bag
https://phish.in/audio/000/014/085/14085.mp3
SBD

Donna Lee
https://phish.in/audio/000/014/086/14086.mp3
SBD

Tweezer
https://phish.in/audio/000/014/087/14087.mp3
SBD, Tease: Dave's Energy Guide

Fee
https://phish.in/audio/000/014/088/14088.mp3
SBD

Cavern
https://phish.in/audio/000/014/089/14089.mp3
SBD, Alt Lyric: "...taking turns at *stabbing* her; the brothel wife then grabbed the knife and slashed me on the tongue; I turned the blade back on the bitch and dropped her in the dung...a cushion convector, a *penile collector*..."

Mike's Song
https://phish.in/audio/000/014/090/14090.mp3
SBD

I Am Hydrogen
https://phish.in/audio/000/014/091/14091.mp3
SBD

Weekapaug Groove
https://phish.in/audio/000/014/092/14092.mp3
SBD

If I Only Had a Brain
https://phish.in/audio/000/014/093/14093.mp3
SBD

Contact
https://phish.in/audio/000/014/094/14094.mp3
SBD

Golgi Apparatus
https://phish.in/audio/000/014/095/14095.mp3
SBD

