ID:   Date:       Venue:         Location:        Title:  Duration  Set    Mp3
6693  1993-04-09  State Theatre  Minneapolis, MN  Stash   11m 15s   Set 1  https://phish.in/audio/000/006/693/6693.mp3

Tags
Name:      Group:              Notes:
SBD        Audio               
Jamcharts  Curated Selections  Several minutes of growly, percussive, dissonant, and atypical jamming.
