ID:   Date:       Venue:                            Location:        Title:  Mp3:
4270  1994-10-07  Stabler Arena, Lehigh University  Bethlehem, PA    Maze    https://phish.in/audio/000/004/270/4270.mp3
6693  1993-04-09  State Theatre                     Minneapolis, MN  Stash   https://phish.in/audio/000/006/693/6693.mp3

Total Entries: 35069  Total Pages: 1754  Result Page: 1
